benchmark articles      : 11,064
anchor window           : 100 chars, every offset in 200..900

building the window index...
  7,487,256 windows from 11,064 articles

STAGE 1 - cheap scan for pages containing any window
  25,000 pages, 12,368 hits
  50,000 pages, 12,972 hits
  75,000 pages, 13,438 hits
  scanned 92,579 pages in 30s
  candidate pages: 13,631  covering 10,591 distinct articles

STAGE 2 - NewsCleaner on the hits, then a strict re-check
  1,000/13,631 cleaned, 661 rescued
  3,000/13,631 cleaned, 1,862 rescued
  4,000/13,631 cleaned, 2,513 rescued
  5,000/13,631 cleaned, 3,176 rescued
  6,000/13,631 cleaned, 3,818 rescued
  8,000/13,631 cleaned, 5,242 rescued
  9,000/13,631 cleaned, 6,091 rescued
  10,000/13,631 cleaned, 6,984 rescued
  11,000/13,631 cleaned, 7,361 rescued
  12,000/13,631 cleaned, 8,262 rescued
  cleaned 13,631 pages in 17.3 min  (3573 rejected on re-check)

==========================================================================
RESCUE RESULT
==========================================================================
  articles paired by mid-anchor     : 8,489  of 11,064 (76.7%)
    (08's head-anchor paired 9,468)
    of those, truncated (>40 chars): 4,609
    of those, intact                : 2,916
  matched despite a DIFFERENT START : 375   <- exactly what head-anchoring cannot find
    text before our article begins  : median 206  max 583 chars

  missing text in the rescued truncated articles:
    median 702  mean 1,162  p90 3,016  max 7,537
    evaluation   78 truncated
    distractor   4,531 truncated

  examples of a page whose start differs from ours:
    newsqa_72a55d1bd666e4e  583 chars before ours, 4,994 after
    newsqa_6b04e55ec450567  573 chars before ours, 4,257 after
    newsqa_785022e3ba444ec  560 chars before ours, 862 after

Saved -> out/10_pair_rescue.json
